// Jest Snapshot v1, https://goo.gl/fbAQLP

exports[`Modal Component snapshot 1`] = `
.c0 {
  background-color: rgba(0, 0, 0, 0.4);
  position: fixed;
  top: 0;
  width: 100vw;
  height: 100vh;
  display: none;
  align-items: center;
  justify-content: center;
}

<div>
   
  <div
    class="c0"
  >
    <div>
      CardDetail Component
    </div>
  </div>
   
</div>
`;
