// Jest Snapshot v1, https://goo.gl/fbAQLP

exports[`Anotations Component snapshot 1`] = `
.c0 {
  padding: 32px;
  margin: auto;
  z-index: 0;
}

.c1 {
  display: flex;
  flex-direction: column;
  align-items: center;
}

.c2 {
  font-size: 150px;
  color: #999;
}

.c3 {
  font-size: 32px;
}

.c3 >span {
  font-style: italic;
}

.c3 >span:hover {
  cursor: pointer;
  text-decoration: underline;
}

<div>
   
  <main
    class="c0"
    title="container-cards"
  >
    <div
      class="c1"
      title="not-found"
    >
      <i
        class="c2"
      >
        <svg
          fill="currentColor"
          height="1em"
          stroke="currentColor"
          stroke-width="0"
          viewBox="0 0 24 24"
          width="1em"
          xmlns="http://www.w3.org/2000/svg"
        >
          <path
            d="M0 0h24v24H0z"
            fill="none"
          />
          <path
            d="M19 5v14H5V5h14m1.1-2H3.9c-.5 0-.9.4-.9.9v16.2c0 .4.4.9.9.9h16.2c.4 0 .9-.5.9-.9V3.9c0-.5-.5-.9-.9-.9zM11 7h6v2h-6V7zm0 4h6v2h-6v-2zm0 4h6v2h-6zM7 7h2v2H7zm0 4h2v2H7zm0 4h2v2H7z"
          />
        </svg>
      </i>
      <p
        class="c3"
      >
        Nenhuma anotação foi encontrada
         
        <span>
          Click aqui para adicionar
        </span>
      </p>
    </div>
  </main>
   
</div>
`;
