// Jest Snapshot v1, https://goo.gl/fbAQLP

exports[`TextAreaLabel Component snapshot 1`] = `
.c3 {
  padding: 8px;
  border: 1px solid #00abff;
  margin: 1px;
  resize: none;
  width: 100%;
  height: 100%;
}

.c3:focus {
  outline: none;
  border: 2px solid #00abff;
  margin: 0;
}

.c1 {
  position: absolute;
  top: -10px;
  left: 12px;
  background-color: '';
}

.c1 span {
  font-size: 14px;
  color: red;
  margin-right: 3px;
}

.c0 {
  max-width: 250px;
  height: 120px;
  position: relative;
}

.c0.primary .c2 {
  border-radius: 8px;
}

.c0.secondary .c2 {
  border-radius: 8px 0;
}

.c0.error {
  color: #ff0000;
}

.c0.error .c2 {
  border: 1px solid #ff0000;
}

.c0.error .c2:focus {
  border: 2px solid #ff0000;
}

<div>
   
  <div
    class="c0 primary undefined"
  >
    <label
      class="c1"
    />
    <textarea
      class="c2 c3"
    />
  </div>
   
</div>
`;
