// Jest Snapshot v1, https://goo.gl/fbAQLP

exports[`CardDetail Component snapshot 1`] = `
<div>
   
   
</div>
`;
