// Jest Snapshot v1, https://goo.gl/fbAQLP

exports[`ContainerMain Component snapshot 1`] = `
.c14 {
  padding: 32px;
  margin: auto;
  z-index: 0;
}

.c15 {
  display: flex;
  flex-direction: column;
  align-items: center;
}

.c16 {
  font-size: 150px;
  color: #999;
}

.c17 {
  font-size: 32px;
}

.c17 >span {
  font-style: italic;
}

.c17 >span:hover {
  cursor: pointer;
  text-decoration: underline;
}

.c13 {
  cursor: pointer;
  margin-left: 450px;
  margin-top: 5px;
  margin-right: 80px;
  position: relative;
  border: 1px solid #999;
  width: 32px;
  height: 32px;
  border-radius: 50%;
  display: flex;
  align-items: center;
  justify-content: center;
}

.c13 >i {
  position: absolute;
  top: 6px;
  left: 6px;
  font-size: 18px;
  border-radius: 50%;
  color: #bdbbbb;
}

.c3 {
  padding: 16px;
  font-size: 14px;
  font-weight: 400;
  border-bottom: 1px solid #999;
  display: block;
  transition: opacity 1s ease-in-out;
}

.c4 {
  padding: 16px;
  font-size: 14px;
  font-weight: 400;
  border-bottom: 1px solid #999;
  display: none;
  transition: opacity 1s ease-in-out;
}

.c2 {
  text-transform: capitalize;
  cursor: pointer;
}

.c2 >.paragraph {
  display: flex;
  justify-content: center;
  font-size: 18px;
  font-weight: bold;
  padding: 16px 0;
  border-bottom: 1px solid #999;
}

.c2 >.paragraph >i {
  margin-right: 5px;
}

.c9 {
  position: absolute;
  top: 10px;
  right: 70px;
  display: flex;
  align-items: center;
  cursor: pointer;
  padding: 8px;
}

.c10 {
  font-weight: bold;
  margin-right: 8px;
}

.c11 {
  font-size: 24px;
  margin-top: 5px;
}

.c7 {
  margin-left: 120px;
  border: 1px solid;
  border-radius: 8px;
  width: 300px;
  padding: 8px;
  font-size: 16px;
  font-weight: bold;
}

.c7::placeholder {
  color: #999;
}

.c1 {
  border-right: 1px solid #999;
  width: 240px;
  height: 100%;
  text-align: center;
}

.c5 {
  display: none;
  position: relative;
  height: 150px;
  border-bottom: 1px solid #999;
}

.c5 >.c6 {
  margin-top: 10px;
  margin-left: 0;
  width: 200px;
}

.c5 >.c8 {
  margin: 10px 0;
  top: 50px;
  left: 20px;
  padding: 2px;
}

.c5 >.c12 {
  margin-left: 20px;
  margin-top: 60px;
}

.c0 {
  display: flex;
  height: 89vh;
}

@media (max-width: 820px) {
  .c13 {
    margin-left: 226px;
  }
}

@media (max-width: 820px) {
  .c5 {
    display: block;
  }
}

<div>
   
  <div
    class="c0 container"
  >
    <nav
      class="c1"
      data-testid="sidebar"
    >
      <div
        class=""
      >
        <ul
          class="c2"
        >
          <li
            class="c3 paragraph"
          >
            <i>
              <svg
                fill="currentColor"
                height="1em"
                stroke="currentColor"
                stroke-width="0"
                viewBox="0 0 512 512"
                width="1em"
                xmlns="http://www.w3.org/2000/svg"
              >
                <path
                  d="M294.1 256L167 129c-9.4-9.4-9.4-24.6 0-33.9s24.6-9.3 34 0L345 239c9.1 9.1 9.3 23.7.7 33.1L201.1 417c-4.7 4.7-10.9 7-17 7s-12.3-2.3-17-7c-9.4-9.4-9.4-24.6 0-33.9l127-127.1z"
                />
              </svg>
            </i>
            categoria
          </li>
          <li
            class="c4"
          >
            finanças
          </li>
          <li
            class="c4"
          >
            comida
          </li>
          <li
            class="c4"
          >
            estudo
          </li>
          <li
            class="c4"
          >
            trabalho
          </li>
        </ul>
      </div>
      <div
        class=""
      >
        <ul
          class="c2"
        >
          <li
            class="c3 paragraph"
          >
            <i>
              <svg
                fill="currentColor"
                height="1em"
                stroke="currentColor"
                stroke-width="0"
                viewBox="0 0 512 512"
                width="1em"
                xmlns="http://www.w3.org/2000/svg"
              >
                <path
                  d="M294.1 256L167 129c-9.4-9.4-9.4-24.6 0-33.9s24.6-9.3 34 0L345 239c9.1 9.1 9.3 23.7.7 33.1L201.1 417c-4.7 4.7-10.9 7-17 7s-12.3-2.3-17-7c-9.4-9.4-9.4-24.6 0-33.9l127-127.1z"
                />
              </svg>
            </i>
            prioridade
          </li>
          <li
            class="c4"
          >
            urgente
          </li>
          <li
            class="c4"
          >
            alta
          </li>
          <li
            class="c4"
          >
            media
          </li>
          <li
            class="c4"
          >
            baixa
          </li>
        </ul>
      </div>
      <div
        class="c5"
      >
        <input
          class="c6 c7"
          name="search"
          placeholder="filtrar anotações"
          type="text"
          value=""
        />
        <div
          class="c8 c9"
          title="new-anotation"
        >
          <p
            class="c10"
          >
            Nova Anotação
          </p>
          <i
            class="c11"
          >
            <svg
              fill="currentColor"
              height="1em"
              stroke="currentColor"
              stroke-width="0"
              viewBox="0 0 24 24"
              width="1em"
              xmlns="http://www.w3.org/2000/svg"
            >
              <g
                id="Circle_Plus"
              >
                <g>
                  <path
                    d="M15,12.5H12.5V15a.5.5,0,0,1-1,0V12.5H9a.5.5,0,0,1,0-1h2.5V9a.5.5,0,0,1,1,0v2.5H15A.5.5,0,0,1,15,12.5Z"
                  />
                  <path
                    d="M12,21.932A9.934,9.934,0,1,1,21.932,12,9.944,9.944,0,0,1,12,21.932ZM12,3.065A8.934,8.934,0,1,0,20.932,12,8.944,8.944,0,0,0,12,3.065Z"
                  />
                </g>
              </g>
            </svg>
          </i>
        </div>
        <div
          class="c12 c13"
          data-testid="change theme"
          title="change theme"
        >
          <i
            title="icon theme"
          >
            <svg
              fill="currentColor"
              height="1em"
              stroke="currentColor"
              stroke-width="0"
              viewBox="0 0 512 512"
              width="1em"
              xmlns="http://www.w3.org/2000/svg"
            >
              <path
                d="M264 480A232 232 0 0132 248c0-94 54-178.28 137.61-214.67a16 16 0 0121.06 21.06C181.07 76.43 176 104.66 176 136c0 110.28 89.72 200 200 200 31.34 0 59.57-5.07 81.61-14.67a16 16 0 0121.06 21.06C442.28 426 358 480 264 480z"
              />
            </svg>
          </i>
        </div>
      </div>
    </nav>
    <main
      class="c14"
      title="container-cards"
    >
      <div
        class="c15"
        title="not-found"
      >
        <i
          class="c16"
        >
          <svg
            fill="currentColor"
            height="1em"
            stroke="currentColor"
            stroke-width="0"
            viewBox="0 0 24 24"
            width="1em"
            xmlns="http://www.w3.org/2000/svg"
          >
            <path
              d="M0 0h24v24H0z"
              fill="none"
            />
            <path
              d="M19 5v14H5V5h14m1.1-2H3.9c-.5 0-.9.4-.9.9v16.2c0 .4.4.9.9.9h16.2c.4 0 .9-.5.9-.9V3.9c0-.5-.5-.9-.9-.9zM11 7h6v2h-6V7zm0 4h6v2h-6v-2zm0 4h6v2h-6zM7 7h2v2H7zm0 4h2v2H7zm0 4h2v2H7z"
            />
          </svg>
        </i>
        <p
          class="c17"
        >
          Nenhuma anotação foi encontrada
           
          <span>
            Click aqui para adicionar
          </span>
        </p>
      </div>
    </main>
  </div>
   
</div>
`;
