// Jest Snapshot v1, https://goo.gl/fbAQLP

exports[`List Component snapshot 1`] = `
.c1 {
  padding: 16px;
  font-size: 14px;
  font-weight: 400;
  border-bottom: 1px solid #999;
  display: block;
  transition: opacity 1s ease-in-out;
}

.c2 {
  padding: 16px;
  font-size: 14px;
  font-weight: 400;
  border-bottom: 1px solid #999;
  display: none;
  transition: opacity 1s ease-in-out;
}

.c0 {
  text-transform: capitalize;
  cursor: pointer;
}

.c0 >.paragraph {
  display: flex;
  justify-content: center;
  font-size: 18px;
  font-weight: bold;
  padding: 16px 0;
  border-bottom: 1px solid #999;
}

.c0 >.paragraph >i {
  margin-right: 5px;
}

<div>
   
  <div
    class=""
  >
    <ul
      class="c0"
    >
      <li
        class="c1 paragraph"
      >
        <i>
          <svg
            fill="currentColor"
            height="1em"
            stroke="currentColor"
            stroke-width="0"
            viewBox="0 0 512 512"
            width="1em"
            xmlns="http://www.w3.org/2000/svg"
          >
            <path
              d="M294.1 256L167 129c-9.4-9.4-9.4-24.6 0-33.9s24.6-9.3 34 0L345 239c9.1 9.1 9.3 23.7.7 33.1L201.1 417c-4.7 4.7-10.9 7-17 7s-12.3-2.3-17-7c-9.4-9.4-9.4-24.6 0-33.9l127-127.1z"
            />
          </svg>
        </i>
        categoria
      </li>
      <li
        class="c2"
      >
        Opção 1
      </li>
      <li
        class="c2"
      >
        Opção 2
      </li>
    </ul>
  </div>
   
</div>
`;
