// Jest Snapshot v1, https://goo.gl/fbAQLP

exports[`NewAnotation Component snapshot 1`] = `
.c0 {
  position: absolute;
  top: 10px;
  right: 70px;
  display: flex;
  align-items: center;
  cursor: pointer;
  padding: 8px;
}

.c1 {
  font-weight: bold;
  margin-right: 8px;
}

.c2 {
  font-size: 24px;
  margin-top: 5px;
}

<div>
   
  <div
    class="c0"
    title="new-anotation"
  >
    <p
      class="c1"
    >
      Nova Anotação
    </p>
    <i
      class="c2"
    >
      <svg
        fill="currentColor"
        height="1em"
        stroke="currentColor"
        stroke-width="0"
        viewBox="0 0 24 24"
        width="1em"
        xmlns="http://www.w3.org/2000/svg"
      >
        <g
          id="Circle_Plus"
        >
          <g>
            <path
              d="M15,12.5H12.5V15a.5.5,0,0,1-1,0V12.5H9a.5.5,0,0,1,0-1h2.5V9a.5.5,0,0,1,1,0v2.5H15A.5.5,0,0,1,15,12.5Z"
            />
            <path
              d="M12,21.932A9.934,9.934,0,1,1,21.932,12,9.944,9.944,0,0,1,12,21.932ZM12,3.065A8.934,8.934,0,1,0,20.932,12,8.944,8.944,0,0,0,12,3.065Z"
            />
          </g>
        </g>
      </svg>
    </i>
  </div>
   
</div>
`;
